Files in matrices directory:
Read matrix bone010.mtx: 986703 rows, 986703 cols, 71666325 non-zeros
Average time for bone010.mtx: 0.248551070 s
GFLOP/s for bone010.mtx: 0.576673
Standard deviation of time for bone010.mtx: 0.000252810 s

Read matrix webbase-1M.mtx: 1000005 rows, 1000005 cols, 3105536 non-zeros
Average time for webbase-1M.mtx: 0.015813170 s
GFLOP/s for webbase-1M.mtx: 0.392778
Standard deviation of time for webbase-1M.mtx: 0.000010337 s

Read matrix ASIC_680ks.mtx: 682712 rows, 682712 cols, 2329176 non-zeros
Average time for ASIC_680ks.mtx: 0.011446000 s
GFLOP/s for ASIC_680ks.mtx: 0.406985
Standard deviation of time for ASIC_680ks.mtx: 0.000077423 s

Read matrix ldoor.mtx: 952203 rows, 952203 cols, 46522475 non-zeros
Average time for ldoor.mtx: 0.166097170 s
GFLOP/s for ldoor.mtx: 0.560184
Standard deviation of time for ldoor.mtx: 0.000208214 s

Read matrix rajat31.mtx: 4690002 rows, 4690002 cols, 20316253 non-zeros
Average time for rajat31.mtx: 0.087292310 s
GFLOP/s for rajat31.mtx: 0.465476
Standard deviation of time for rajat31.mtx: 0.000156768 s

Read matrix Rucci1.mtx: 1977885 rows, 109900 cols, 7791168 non-zeros
Average time for Rucci1.mtx: 0.033935760 s
GFLOP/s for Rucci1.mtx: 0.459172
Standard deviation of time for Rucci1.mtx: 0.000072379 s

Read matrix Ga41As41H72.mtx: 268096 rows, 268096 cols, 18488476 non-zeros
Average time for Ga41As41H72.mtx: 0.065013770 s
GFLOP/s for Ga41As41H72.mtx: 0.568756
Standard deviation of time for Ga41As41H72.mtx: 0.000073926 s

Read matrix FullChip.mtx: 2987012 rows, 2987012 cols, 26621990 non-zeros
Average time for FullChip.mtx: 0.112704320 s
GFLOP/s for FullChip.mtx: 0.472422
Standard deviation of time for FullChip.mtx: 0.000181162 s

Read matrix FullChip.mtx: 2987012 rows, 2987012 cols, 26621990 non-zeros
Average time for FullChip.mtx: 0.126167150 s
GFLOP/s for FullChip.mtx: 0.422011
Standard deviation of time for FullChip.mtx: 0.000019553 s

Read matrix Si41Ge41H72.mtx: 185639 rows, 185639 cols, 15011265 non-zeros
Average time for Si41Ge41H72.mtx: 0.052649940 s
GFLOP/s for Si41Ge41H72.mtx: 0.570229
Standard deviation of time for Si41Ge41H72.mtx: 0.000105505 s

Read matrix boyd2.mtx: 466316 rows, 466316 cols, 1500397 non-zeros
Average time for boyd2.mtx: 0.006642880 s
GFLOP/s for boyd2.mtx: 0.451731
Standard deviation of time for boyd2.mtx: 0.000003380 s

Read matrix eu-2005.mtx: 862664 rows, 862664 cols, 19235140 non-zeros
Average time for eu-2005.mtx: 0.075123420 s
GFLOP/s for eu-2005.mtx: 0.512094
Standard deviation of time for eu-2005.mtx: 0.000109304 s

