Devices found: 1

Device 0: NVIDIA A30
  Compute capability : 8.0
  Global memory      : 24049 MB
  Multiprocessors    : 56
  Clock rate         : 1.44 GHz
  Warp size          : 32

Files in matrices directory:
Read matrix bone010.mtx: 986703 rows, 986703 cols, 71666325 non-zeros
  [NNZ_PER_BLOCK= 256] 299701 CUDA blocks
    [SMALL_VALUE= 1] avg=0.002408100 s | GFlop/s=59.521054 | std=0.000107513 s
    [SMALL_VALUE= 2] avg=0.001808070 s | GFlop/s=79.273839 | std=0.000003734 s
    [SMALL_VALUE= 4] avg=0.001828070 s | GFlop/s=78.406544 | std=0.000001930 s
    [SMALL_VALUE= 8] avg=0.001827360 s | GFlop/s=78.437007 | std=0.000001847 s
    [SMALL_VALUE=16] avg=0.001827330 s | GFlop/s=78.438295 | std=0.000001924 s
    [SMALL_VALUE=32] avg=0.001827020 s | GFlop/s=78.451604 | std=0.000001697 s

  [NNZ_PER_BLOCK= 512] 148205 CUDA blocks
    [SMALL_VALUE= 1] avg=0.001833120 s | GFlop/s=78.190544 | std=0.000001878 s
    [SMALL_VALUE= 2] avg=0.001833240 s | GFlop/s=78.185426 | std=0.000001845 s
    [SMALL_VALUE= 4] avg=0.001833230 s | GFlop/s=78.185852 | std=0.000002083 s
    [SMALL_VALUE= 8] avg=0.001916260 s | GFlop/s=74.798122 | std=0.000001922 s
    [SMALL_VALUE=16] avg=0.001918390 s | GFlop/s=74.715074 | std=0.000001799 s
    [SMALL_VALUE=32] avg=0.001918560 s | GFlop/s=74.708453 | std=0.000001878 s

  [NNZ_PER_BLOCK=1024] 73415 CUDA blocks
    [SMALL_VALUE= 1] avg=0.001916800 s | GFlop/s=74.777050 | std=0.000002154 s
    [SMALL_VALUE= 2] avg=0.001916810 s | GFlop/s=74.776660 | std=0.000002053 s
    [SMALL_VALUE= 4] avg=0.001916600 s | GFlop/s=74.784853 | std=0.000001822 s
    [SMALL_VALUE= 8] avg=0.001916730 s | GFlop/s=74.779781 | std=0.000002111 s
    [SMALL_VALUE=16] avg=0.002123780 s | GFlop/s=67.489406 | std=0.000001890 s
    [SMALL_VALUE=32] avg=0.002133020 s | GFlop/s=67.197049 | std=0.000002069 s

Read matrix webbase-1M.mtx: 1000005 rows, 1000005 cols, 3105536 non-zeros
  [NNZ_PER_BLOCK= 256] 11851 CUDA blocks
    [SMALL_VALUE= 1] avg=0.000096920 s | GFlop/s=64.084523 | std=0.000000833 s
    [SMALL_VALUE= 2] avg=0.000096740 s | GFlop/s=64.203763 | std=0.000000439 s
    [SMALL_VALUE= 4] avg=0.000096830 s | GFlop/s=64.144088 | std=0.000000491 s
    [SMALL_VALUE= 8] avg=0.000096810 s | GFlop/s=64.157339 | std=0.000000542 s
    [SMALL_VALUE=16] avg=0.000096760 s | GFlop/s=64.190492 | std=0.000000618 s
    [SMALL_VALUE=32] avg=0.000096300 s | GFlop/s=64.497113 | std=0.000000500 s

  [NNZ_PER_BLOCK= 512] 5951 CUDA blocks
    [SMALL_VALUE= 1] avg=0.000103600 s | GFlop/s=59.952432 | std=0.000000860 s
    [SMALL_VALUE= 2] avg=0.000103050 s | GFlop/s=60.272411 | std=0.000000517 s
    [SMALL_VALUE= 4] avg=0.000102940 s | GFlop/s=60.336818 | std=0.000000420 s
    [SMALL_VALUE= 8] avg=0.000102970 s | GFlop/s=60.319239 | std=0.000000479 s
    [SMALL_VALUE=16] avg=0.000102900 s | GFlop/s=60.360272 | std=0.000000574 s
    [SMALL_VALUE=32] avg=0.000102460 s | GFlop/s=60.619481 | std=0.000000607 s

  [NNZ_PER_BLOCK=1024] 2992 CUDA blocks
    [SMALL_VALUE= 1] avg=0.000108590 s | GFlop/s=57.197458 | std=0.000000665 s
    [SMALL_VALUE= 2] avg=0.000108920 s | GFlop/s=57.024165 | std=0.000000845 s
    [SMALL_VALUE= 4] avg=0.000108270 s | GFlop/s=57.366510 | std=0.000000507 s
    [SMALL_VALUE= 8] avg=0.000108020 s | GFlop/s=57.499278 | std=0.000000424 s
    [SMALL_VALUE=16] avg=0.000108120 s | GFlop/s=57.446097 | std=0.000000752 s
    [SMALL_VALUE=32] avg=0.000107890 s | GFlop/s=57.568561 | std=0.000000581 s

Read matrix ASIC_680ks.mtx: 682712 rows, 682712 cols, 2329176 non-zeros
  [NNZ_PER_BLOCK= 256] 9241 CUDA blocks
    [SMALL_VALUE= 1] avg=0.000077860 s | GFlop/s=59.829848 | std=0.000000693 s
    [SMALL_VALUE= 2] avg=0.000077910 s | GFlop/s=59.791452 | std=0.000000801 s
    [SMALL_VALUE= 4] avg=0.000077700 s | GFlop/s=59.953050 | std=0.000000574 s
    [SMALL_VALUE= 8] avg=0.000077800 s | GFlop/s=59.875990 | std=0.000000707 s
    [SMALL_VALUE=16] avg=0.000077640 s | GFlop/s=59.999382 | std=0.000000700 s
    [SMALL_VALUE=32] avg=0.000077230 s | GFlop/s=60.317908 | std=0.000000760 s

  [NNZ_PER_BLOCK= 512] 4584 CUDA blocks
    [SMALL_VALUE= 1] avg=0.000080790 s | GFlop/s=57.660007 | std=0.000000475 s
    [SMALL_VALUE= 2] avg=0.000080760 s | GFlop/s=57.681426 | std=0.000000634 s
    [SMALL_VALUE= 4] avg=0.000080630 s | GFlop/s=57.774426 | std=0.000000503 s
    [SMALL_VALUE= 8] avg=0.000080620 s | GFlop/s=57.781593 | std=0.000000525 s
    [SMALL_VALUE=16] avg=0.000080560 s | GFlop/s=57.824628 | std=0.000000605 s
    [SMALL_VALUE=32] avg=0.000080370 s | GFlop/s=57.961329 | std=0.000000627 s

  [NNZ_PER_BLOCK=1024] 2284 CUDA blocks
    [SMALL_VALUE= 1] avg=0.000083500 s | GFlop/s=55.788647 | std=0.000000520 s
    [SMALL_VALUE= 2] avg=0.000084060 s | GFlop/s=55.416988 | std=0.000000846 s
    [SMALL_VALUE= 4] avg=0.000083530 s | GFlop/s=55.768610 | std=0.000000538 s
    [SMALL_VALUE= 8] avg=0.000083480 s | GFlop/s=55.802012 | std=0.000000538 s
    [SMALL_VALUE=16] avg=0.000083420 s | GFlop/s=55.842148 | std=0.000000533 s
    [SMALL_VALUE=32] avg=0.000083290 s | GFlop/s=55.929307 | std=0.000000588 s

Read matrix ldoor.mtx: 952203 rows, 952203 cols, 46522475 non-zeros
  [NNZ_PER_BLOCK= 256] 193846 CUDA blocks
    [SMALL_VALUE= 1] avg=0.001540600 s | GFlop/s=60.395268 | std=0.000001871 s
    [SMALL_VALUE= 2] avg=0.001346610 s | GFlop/s=69.095692 | std=0.000193144 s
    [SMALL_VALUE= 4] avg=0.001168780 s | GFlop/s=79.608609 | std=0.000001566 s
    [SMALL_VALUE= 8] avg=0.001182290 s | GFlop/s=78.698923 | std=0.000001602 s
    [SMALL_VALUE=16] avg=0.001181910 s | GFlop/s=78.724226 | std=0.000001342 s
    [SMALL_VALUE=32] avg=0.001182330 s | GFlop/s=78.696261 | std=0.000001721 s

  [NNZ_PER_BLOCK= 512] 94409 CUDA blocks
    [SMALL_VALUE= 1] avg=0.001191940 s | GFlop/s=78.061773 | std=0.000001737 s
    [SMALL_VALUE= 2] avg=0.001191500 s | GFlop/s=78.090600 | std=0.000001389 s
    [SMALL_VALUE= 4] avg=0.001191850 s | GFlop/s=78.067668 | std=0.000001774 s
    [SMALL_VALUE= 8] avg=0.001213860 s | GFlop/s=76.652126 | std=0.000001667 s
    [SMALL_VALUE=16] avg=0.001225040 s | GFlop/s=75.952581 | std=0.000001587 s
    [SMALL_VALUE=32] avg=0.001224610 s | GFlop/s=75.979251 | std=0.000001240 s

  [NNZ_PER_BLOCK=1024] 46461 CUDA blocks
    [SMALL_VALUE= 1] avg=0.001281770 s | GFlop/s=72.590987 | std=0.000002153 s
    [SMALL_VALUE= 2] avg=0.001281740 s | GFlop/s=72.592687 | std=0.000001730 s
    [SMALL_VALUE= 4] avg=0.001281660 s | GFlop/s=72.597218 | std=0.000001739 s
    [SMALL_VALUE= 8] avg=0.001281740 s | GFlop/s=72.592687 | std=0.000001707 s
    [SMALL_VALUE=16] avg=0.001302690 s | GFlop/s=71.425243 | std=0.000001604 s
    [SMALL_VALUE=32] avg=0.001337870 s | GFlop/s=69.547079 | std=0.000001301 s

Read matrix rajat31.mtx: 4690002 rows, 4690002 cols, 20316253 non-zeros
  [NNZ_PER_BLOCK= 256] 79670 CUDA blocks
    [SMALL_VALUE= 1] avg=0.000719630 s | GFlop/s=56.463052 | std=0.000001214 s
    [SMALL_VALUE= 2] avg=0.000719340 s | GFlop/s=56.485815 | std=0.000000919 s
    [SMALL_VALUE= 4] avg=0.000656510 s | GFlop/s=61.891679 | std=0.000078375 s
    [SMALL_VALUE= 8] avg=0.000558070 s | GFlop/s=72.808977 | std=0.000000682 s
    [SMALL_VALUE=16] avg=0.000557800 s | GFlop/s=72.844220 | std=0.000000949 s
    [SMALL_VALUE=32] avg=0.000557780 s | GFlop/s=72.846832 | std=0.000000593 s

  [NNZ_PER_BLOCK= 512] 39835 CUDA blocks
    [SMALL_VALUE= 1] avg=0.000588190 s | GFlop/s=69.080579 | std=0.000001197 s
    [SMALL_VALUE= 2] avg=0.000587530 s | GFlop/s=69.158181 | std=0.000000655 s
    [SMALL_VALUE= 4] avg=0.000587540 s | GFlop/s=69.157004 | std=0.000000590 s
    [SMALL_VALUE= 8] avg=0.000587660 s | GFlop/s=69.142882 | std=0.000000636 s
    [SMALL_VALUE=16] avg=0.000587610 s | GFlop/s=69.148765 | std=0.000000646 s
    [SMALL_VALUE=32] avg=0.000587630 s | GFlop/s=69.146412 | std=0.000000658 s

  [NNZ_PER_BLOCK=1024] 19892 CUDA blocks
    [SMALL_VALUE= 1] avg=0.000600850 s | GFlop/s=67.625041 | std=0.000000669 s
    [SMALL_VALUE= 2] avg=0.000600850 s | GFlop/s=67.625041 | std=0.000000622 s
    [SMALL_VALUE= 4] avg=0.000600850 s | GFlop/s=67.625041 | std=0.000000766 s
    [SMALL_VALUE= 8] avg=0.000600820 s | GFlop/s=67.628418 | std=0.000000555 s
    [SMALL_VALUE=16] avg=0.000600890 s | GFlop/s=67.620540 | std=0.000000615 s
    [SMALL_VALUE=32] avg=0.000601300 s | GFlop/s=67.574432 | std=0.000001323 s

Read matrix Rucci1.mtx: 1977885 rows, 109900 cols, 7791168 non-zeros
  [NNZ_PER_BLOCK= 256] 30435 CUDA blocks
    [SMALL_VALUE= 1] avg=0.000266890 s | GFlop/s=58.384863 | std=0.000000937 s
    [SMALL_VALUE= 2] avg=0.000266600 s | GFlop/s=58.448372 | std=0.000000648 s
    [SMALL_VALUE= 4] avg=0.000267130 s | GFlop/s=58.332407 | std=0.000001064 s
    [SMALL_VALUE= 8] avg=0.000266680 s | GFlop/s=58.430838 | std=0.000000564 s
    [SMALL_VALUE=16] avg=0.000266620 s | GFlop/s=58.443988 | std=0.000000732 s
    [SMALL_VALUE=32] avg=0.000267270 s | GFlop/s=58.301852 | std=0.000000988 s

  [NNZ_PER_BLOCK= 512] 15218 CUDA blocks
    [SMALL_VALUE= 1] avg=0.000282940 s | GFlop/s=55.072934 | std=0.000000759 s
    [SMALL_VALUE= 2] avg=0.000283470 s | GFlop/s=54.969965 | std=0.000001109 s
    [SMALL_VALUE= 4] avg=0.000278850 s | GFlop/s=55.880710 | std=0.000015982 s
    [SMALL_VALUE= 8] avg=0.000215870 s | GFlop/s=72.183888 | std=0.000000673 s
    [SMALL_VALUE=16] avg=0.000216520 s | GFlop/s=71.967190 | std=0.000001024 s
    [SMALL_VALUE=32] avg=0.000215780 s | GFlop/s=72.213996 | std=0.000000576 s

  [NNZ_PER_BLOCK=1024] 7609 CUDA blocks
    [SMALL_VALUE= 1] avg=0.000219010 s | GFlop/s=71.148970 | std=0.000000520 s
    [SMALL_VALUE= 2] avg=0.000219700 s | GFlop/s=70.925517 | std=0.000000933 s
    [SMALL_VALUE= 4] avg=0.000218960 s | GFlop/s=71.165217 | std=0.000000599 s
    [SMALL_VALUE= 8] avg=0.000219040 s | GFlop/s=71.139226 | std=0.000000692 s
    [SMALL_VALUE=16] avg=0.000219580 s | GFlop/s=70.964277 | std=0.000000992 s
    [SMALL_VALUE=32] avg=0.000218740 s | GFlop/s=71.236793 | std=0.000000594 s

Read matrix Ga41As41H72.mtx: 268096 rows, 268096 cols, 18488476 non-zeros
  [NNZ_PER_BLOCK= 256] 64827 CUDA blocks
    [SMALL_VALUE= 1] avg=0.000620200 s | GFlop/s=59.621013 | std=0.000000510 s
    [SMALL_VALUE= 2] avg=0.000579370 s | GFlop/s=63.822690 | std=0.000056473 s
    [SMALL_VALUE= 4] avg=0.000502320 s | GFlop/s=73.612343 | std=0.000000614 s
    [SMALL_VALUE= 8] avg=0.000511420 s | GFlop/s=72.302515 | std=0.000000513 s
    [SMALL_VALUE=16] avg=0.000511810 s | GFlop/s=72.247420 | std=0.000001155 s
    [SMALL_VALUE=32] avg=0.000484210 s | GFlop/s=76.365527 | std=0.000022986 s

  [NNZ_PER_BLOCK= 512] 44095 CUDA blocks
    [SMALL_VALUE= 1] avg=0.000610090 s | GFlop/s=60.609012 | std=0.000001305 s
    [SMALL_VALUE= 2] avg=0.000608760 s | GFlop/s=60.741428 | std=0.000000723 s
    [SMALL_VALUE= 4] avg=0.000599210 s | GFlop/s=61.709504 | std=0.000001366 s
    [SMALL_VALUE= 8] avg=0.000593940 s | GFlop/s=62.257050 | std=0.000001263 s
    [SMALL_VALUE=16] avg=0.000593890 s | GFlop/s=62.262291 | std=0.000000581 s
    [SMALL_VALUE=32] avg=0.000592420 s | GFlop/s=62.416785 | std=0.000000533 s

  [NNZ_PER_BLOCK=1024] 20366 CUDA blocks
    [SMALL_VALUE= 1] avg=0.000697320 s | GFlop/s=53.027236 | std=0.000000631 s
    [SMALL_VALUE= 2] avg=0.000655610 s | GFlop/s=56.400836 | std=0.000000691 s
    [SMALL_VALUE= 4] avg=0.000644080 s | GFlop/s=57.410496 | std=0.000001278 s
    [SMALL_VALUE= 8] avg=0.000627140 s | GFlop/s=58.961240 | std=0.000001265 s
    [SMALL_VALUE=16] avg=0.000608910 s | GFlop/s=60.726465 | std=0.000001312 s
    [SMALL_VALUE=32] avg=0.000598190 s | GFlop/s=61.814728 | std=0.000000731 s

Read matrix FullChip.mtx: 2987012 rows, 2987012 cols, 26621990 non-zeros
  [NNZ_PER_BLOCK= 256] 88467 CUDA blocks
    [SMALL_VALUE= 1] avg=0.007749270 s | GFlop/s=6.870838 | std=0.000718945 s
    [SMALL_VALUE= 2] avg=0.007484510 s | GFlop/s=7.113890 | std=0.000006971 s
    [SMALL_VALUE= 4] avg=0.007483150 s | GFlop/s=7.115183 | std=0.000007496 s
    [SMALL_VALUE= 8] avg=0.007481840 s | GFlop/s=7.116429 | std=0.000007366 s
    [SMALL_VALUE=16] avg=0.007478920 s | GFlop/s=7.119207 | std=0.000008359 s
    [SMALL_VALUE=32] avg=0.007464260 s | GFlop/s=7.133189 | std=0.000007015 s

  [NNZ_PER_BLOCK= 512] 43637 CUDA blocks
    [SMALL_VALUE= 1] avg=0.003938520 s | GFlop/s=13.518779 | std=0.000004504 s
    [SMALL_VALUE= 2] avg=0.003939380 s | GFlop/s=13.515827 | std=0.000004042 s
    [SMALL_VALUE= 4] avg=0.003936610 s | GFlop/s=13.525338 | std=0.000003914 s
    [SMALL_VALUE= 8] avg=0.003936090 s | GFlop/s=13.527125 | std=0.000003840 s
    [SMALL_VALUE=16] avg=0.003935090 s | GFlop/s=13.530562 | std=0.000004040 s
    [SMALL_VALUE=32] avg=0.003932990 s | GFlop/s=13.537787 | std=0.000003920 s

  [NNZ_PER_BLOCK=1024] 21698 CUDA blocks
    [SMALL_VALUE= 1] avg=0.002210370 s | GFlop/s=24.088266 | std=0.000003393 s
    [SMALL_VALUE= 2] avg=0.002210710 s | GFlop/s=24.084561 | std=0.000003021 s
    [SMALL_VALUE= 4] avg=0.002210100 s | GFlop/s=24.091209 | std=0.000003126 s
    [SMALL_VALUE= 8] avg=0.002209200 s | GFlop/s=24.101023 | std=0.000003150 s
    [SMALL_VALUE=16] avg=0.002207760 s | GFlop/s=24.116743 | std=0.000003326 s
    [SMALL_VALUE=32] avg=0.002207370 s | GFlop/s=24.121004 | std=0.000002952 s

Read matrix Si41Ge41H72.mtx: 185639 rows, 185639 cols, 15011265 non-zeros
  [NNZ_PER_BLOCK= 256] 49578 CUDA blocks
    [SMALL_VALUE= 1] avg=0.000481100 s | GFlop/s=62.403928 | std=0.000000922 s
    [SMALL_VALUE= 2] avg=0.000481610 s | GFlop/s=62.337846 | std=0.000001157 s
    [SMALL_VALUE= 4] avg=0.000482860 s | GFlop/s=62.176469 | std=0.000000600 s
    [SMALL_VALUE= 8] avg=0.000496220 s | GFlop/s=60.502459 | std=0.000000610 s
    [SMALL_VALUE=16] avg=0.000449360 s | GFlop/s=66.811754 | std=0.000065698 s
    [SMALL_VALUE=32] avg=0.000358620 s | GFlop/s=83.716831 | std=0.000000629 s

  [NNZ_PER_BLOCK= 512] 32957 CUDA blocks
    [SMALL_VALUE= 1] avg=0.000466120 s | GFlop/s=64.409444 | std=0.000000588 s
    [SMALL_VALUE= 2] avg=0.000455860 s | GFlop/s=65.859101 | std=0.000000788 s
    [SMALL_VALUE= 4] avg=0.000451070 s | GFlop/s=66.558472 | std=0.000000495 s
    [SMALL_VALUE= 8] avg=0.000450410 s | GFlop/s=66.656002 | std=0.000000694 s
    [SMALL_VALUE=16] avg=0.000450730 s | GFlop/s=66.608679 | std=0.000000630 s
    [SMALL_VALUE=32] avg=0.000450080 s | GFlop/s=66.704875 | std=0.000001254 s

  [NNZ_PER_BLOCK=1024] 16817 CUDA blocks
    [SMALL_VALUE= 1] avg=0.000589050 s | GFlop/s=50.967711 | std=0.000000887 s
    [SMALL_VALUE= 2] avg=0.000538220 s | GFlop/s=55.781149 | std=0.000000890 s
    [SMALL_VALUE= 4] avg=0.000531450 s | GFlop/s=56.491730 | std=0.000000555 s
    [SMALL_VALUE= 8] avg=0.000509480 s | GFlop/s=58.927789 | std=0.000000624 s
    [SMALL_VALUE=16] avg=0.000498930 s | GFlop/s=60.173832 | std=0.000000587 s
    [SMALL_VALUE=32] avg=0.000493820 s | GFlop/s=60.796505 | std=0.000001236 s

Read matrix boyd2.mtx: 466316 rows, 466316 cols, 1500397 non-zeros
  [NNZ_PER_BLOCK= 256] 4960 CUDA blocks
    [SMALL_VALUE= 1] avg=0.000271490 s | GFlop/s=11.053055 | std=0.000009011 s
    [SMALL_VALUE= 2] avg=0.000269060 s | GFlop/s=11.152880 | std=0.000008240 s
    [SMALL_VALUE= 4] avg=0.000270050 s | GFlop/s=11.111994 | std=0.000009303 s
    [SMALL_VALUE= 8] avg=0.000270790 s | GFlop/s=11.081628 | std=0.000009598 s
    [SMALL_VALUE=16] avg=0.000271490 s | GFlop/s=11.053055 | std=0.000009759 s
    [SMALL_VALUE=32] avg=0.000271800 s | GFlop/s=11.040449 | std=0.000009789 s

  [NNZ_PER_BLOCK= 512] 2486 CUDA blocks
    [SMALL_VALUE= 1] avg=0.000154700 s | GFlop/s=19.397505 | std=0.000004467 s
    [SMALL_VALUE= 2] avg=0.000154170 s | GFlop/s=19.464189 | std=0.000005144 s
    [SMALL_VALUE= 4] avg=0.000154570 s | GFlop/s=19.413819 | std=0.000004667 s
    [SMALL_VALUE= 8] avg=0.000154810 s | GFlop/s=19.383722 | std=0.000004354 s
    [SMALL_VALUE=16] avg=0.000154310 s | GFlop/s=19.446530 | std=0.000004882 s
    [SMALL_VALUE=32] avg=0.000154250 s | GFlop/s=19.454094 | std=0.000004596 s

  [NNZ_PER_BLOCK=1024] 1247 CUDA blocks
    [SMALL_VALUE= 1] avg=0.000092730 s | GFlop/s=32.360552 | std=0.000001999 s
    [SMALL_VALUE= 2] avg=0.000092490 s | GFlop/s=32.444524 | std=0.000001916 s
    [SMALL_VALUE= 4] avg=0.000092580 s | GFlop/s=32.412983 | std=0.000002241 s
    [SMALL_VALUE= 8] avg=0.000092360 s | GFlop/s=32.490191 | std=0.000001911 s
    [SMALL_VALUE=16] avg=0.000092500 s | GFlop/s=32.441016 | std=0.000002274 s
    [SMALL_VALUE=32] avg=0.000092740 s | GFlop/s=32.357063 | std=0.000002008 s

Read matrix eu-2005.mtx: 862664 rows, 862664 cols, 19235140 non-zeros
  [NNZ_PER_BLOCK= 256] 81785 CUDA blocks
    [SMALL_VALUE= 1] avg=0.000679030 s | GFlop/s=56.654758 | std=0.000001212 s
    [SMALL_VALUE= 2] avg=0.000683610 s | GFlop/s=56.275186 | std=0.000000631 s
    [SMALL_VALUE= 4] avg=0.000660470 s | GFlop/s=58.246824 | std=0.000072625 s
    [SMALL_VALUE= 8] avg=0.000519070 s | GFlop/s=74.113857 | std=0.000000752 s
    [SMALL_VALUE=16] avg=0.000518470 s | GFlop/s=74.199626 | std=0.000000830 s
    [SMALL_VALUE=32] avg=0.000514380 s | GFlop/s=74.789611 | std=0.000000613 s

  [NNZ_PER_BLOCK= 512] 39509 CUDA blocks
    [SMALL_VALUE= 1] avg=0.000537960 s | GFlop/s=71.511413 | std=0.000000706 s
    [SMALL_VALUE= 2] avg=0.000537790 s | GFlop/s=71.534019 | std=0.000001186 s
    [SMALL_VALUE= 4] avg=0.000537530 s | GFlop/s=71.568619 | std=0.000000591 s
    [SMALL_VALUE= 8] avg=0.000540600 s | GFlop/s=71.162190 | std=0.000000762 s
    [SMALL_VALUE=16] avg=0.000539980 s | GFlop/s=71.243898 | std=0.000000860 s
    [SMALL_VALUE=32] avg=0.000530390 s | GFlop/s=72.532061 | std=0.000000508 s

  [NNZ_PER_BLOCK=1024] 19328 CUDA blocks
    [SMALL_VALUE= 1] avg=0.000573930 s | GFlop/s=67.029568 | std=0.000000725 s
    [SMALL_VALUE= 2] avg=0.000571540 s | GFlop/s=67.309865 | std=0.000000780 s
    [SMALL_VALUE= 4] avg=0.000571280 s | GFlop/s=67.340499 | std=0.000001379 s
    [SMALL_VALUE= 8] avg=0.000571520 s | GFlop/s=67.312220 | std=0.000000700 s
    [SMALL_VALUE=16] avg=0.000574180 s | GFlop/s=67.000383 | std=0.000000572 s
    [SMALL_VALUE=32] avg=0.000572450 s | GFlop/s=67.202865 | std=0.000000841 s

