Loading CUDA/12.3.2
  ERROR: Module cannot be loaded due to a conflict.
    HINT: Might try "module unload CUDA" first.
Files in matrices directory:
Read matrix bone010.mtx: 986703 rows, 986703 cols, 71666325 non-zeros
Average time for bone010.mtx: 0.000814210 s
GFLOP/s for bone010.mtx: 176.038921
Standard deviation of time for bone010.mtx: 0.000001032 s

Read matrix webbase-1M.mtx: 1000005 rows, 1000005 cols, 3105536 non-zeros
Average time for webbase-1M.mtx: 0.000022350 s
GFLOP/s for webbase-1M.mtx: 277.900313
Standard deviation of time for webbase-1M.mtx: 0.000000669 s

Read matrix ASIC_680ks.mtx: 682712 rows, 682712 cols, 2329176 non-zeros
Average time for ASIC_680ks.mtx: 0.000020200 s
GFLOP/s for ASIC_680ks.mtx: 230.611485
Standard deviation of time for ASIC_680ks.mtx: 0.000000894 s

Read matrix ldoor.mtx: 952203 rows, 952203 cols, 46522475 non-zeros
Average time for ldoor.mtx: 0.000535620 s
GFLOP/s for ldoor.mtx: 173.714480
Standard deviation of time for ldoor.mtx: 0.000000690 s

Read matrix rajat31.mtx: 4690002 rows, 4690002 cols, 20316253 non-zeros
Average time for rajat31.mtx: 0.000248090 s
GFLOP/s for rajat31.mtx: 163.781313
Standard deviation of time for rajat31.mtx: 0.000001698 s

Read matrix Rucci1.mtx: 1977885 rows, 109900 cols, 7791168 non-zeros
Average time for Rucci1.mtx: 0.000037060 s
GFLOP/s for Rucci1.mtx: 420.462385
Standard deviation of time for Rucci1.mtx: 0.000000465 s

Read matrix Ga41As41H72.mtx: 268096 rows, 268096 cols, 18488476 non-zeros
Average time for Ga41As41H72.mtx: 0.000209370 s
GFLOP/s for Ga41As41H72.mtx: 176.610555
Standard deviation of time for Ga41As41H72.mtx: 0.000000730 s

Read matrix FullChip.mtx: 2987012 rows, 2987012 cols, 26621990 non-zeros
Average time for FullChip.mtx: 0.000322610 s
GFLOP/s for FullChip.mtx: 165.041319
Standard deviation of time for FullChip.mtx: 0.000000871 s

Read matrix Si41Ge41H72.mtx: 185639 rows, 185639 cols, 15011265 non-zeros
Average time for Si41Ge41H72.mtx: 0.000163560 s
GFLOP/s for Si41Ge41H72.mtx: 183.556676
Standard deviation of time for Si41Ge41H72.mtx: 0.000000589 s

Read matrix boyd2.mtx: 466316 rows, 466316 cols, 1500397 non-zeros
Average time for boyd2.mtx: 0.000016570 s
GFLOP/s for boyd2.mtx: 181.098008
Standard deviation of time for boyd2.mtx: 0.000000930 s

Read matrix eu-2005.mtx: 862664 rows, 862664 cols, 19235140 non-zeros
Average time for eu-2005.mtx: 0.000218160 s
GFLOP/s for eu-2005.mtx: 176.339751
Standard deviation of time for eu-2005.mtx: 0.000000628 s

