in order: BCSR, adaptive, cuscalar and CSR-vector

Files in matrices directory:
Read matrix bone010.mtx: 986703 rows, 986703 cols, 71666325 non-zeros
  BCSR: 246676 block-rows x 246676 block-cols, 7613476 blocks (block size 4x4)
  avg time: 0.001458340 s
  std time: 0.000001576 s
  GFLOP/s : 98.284796
  max abs error vs host CSR: 7.812500e-02 (MISMATCH)

Read matrix webbase-1M.mtx: 1000005 rows, 1000005 cols, 3105536 non-zeros
  BCSR: 250002 block-rows x 250002 block-cols, 926686 blocks (block size 4x4)
  avg time: 0.002707470 s
  std time: 0.000425723 s
  GFLOP/s : 2.294050
  max abs error vs host CSR: 2.441406e-04 (OK)

Read matrix ASIC_680ks.mtx: 682712 rows, 682712 cols, 2329176 non-zeros
  BCSR: 170678 block-rows x 170678 block-cols, 748626 blocks (block size 4x4)
  avg time: 0.000780390 s
  std time: 0.000012299 s
  GFLOP/s : 5.969262
  max abs error vs host CSR: 3.051758e-05 (OK)

Read matrix ldoor.mtx: 952203 rows, 952203 cols, 46522475 non-zeros
  BCSR: 238051 block-rows x 238051 block-cols, 4878903 blocks (block size 4x4)
  avg time: 0.001152870 s
  std time: 0.000001474 s
  GFLOP/s : 80.707235
  max abs error vs host CSR: 1.600000e+02 (MISMATCH)

Read matrix rajat31.mtx: 4690002 rows, 4690002 cols, 20316253 non-zeros
  BCSR: 1172501 block-rows x 1172501 block-cols, 10392188 blocks (block size 4x4)
  avg time: 0.002380530 s
  std time: 0.000004504 s
  GFLOP/s : 17.068681
  max abs error vs host CSR: 1.525879e-05 (OK)

Read matrix Rucci1.mtx: 1977885 rows, 109900 cols, 7791168 non-zeros
  BCSR: 494472 block-rows x 27475 block-cols, 3971167 blocks (block size 4x4)
  avg time: 0.000723030 s
  std time: 0.000001526 s
  GFLOP/s : 21.551438
  max abs error vs host CSR: 1.907349e-06 (OK)

Read matrix Ga41As41H72.mtx: 268096 rows, 268096 cols, 18488476 non-zeros
  BCSR: 67024 block-rows x 67024 block-cols, 3998902 blocks (block size 4x4)
  avg time: 0.001188690 s
  std time: 0.000006848 s
  GFLOP/s : 31.107313
  max abs error vs host CSR: 1.220703e-03 (MISMATCH)

Read matrix FullChip.mtx: 2987012 rows, 2987012 cols, 26621990 non-zeros
  BCSR: 746753 block-rows x 746753 block-cols, 8945501 blocks (block size 4x4)
  avg time: 0.579524800 s
  std time: 0.000018191 s
  GFLOP/s : 0.091875
  max abs error vs host CSR: 7.812500e-03 (MISMATCH)

Read matrix Si41Ge41H72.mtx: 185639 rows, 185639 cols, 15011265 non-zeros
  BCSR: 46410 block-rows x 46410 block-cols, 3096612 blocks (block size 4x4)
  avg time: 0.000959430 s
  std time: 0.000007260 s
  GFLOP/s : 31.292048
  max abs error vs host CSR: 2.288818e-04 (OK)

Read matrix boyd2.mtx: 466316 rows, 466316 cols, 1500397 non-zeros
  BCSR: 116579 block-rows x 116579 block-cols, 551687 blocks (block size 4x4)
  avg time: 0.037399990 s
  std time: 0.000503397 s
  GFLOP/s : 0.080235
  max abs error vs host CSR: 1.310720e+05 (MISMATCH)

Read matrix eu-2005.mtx: 862664 rows, 862664 cols, 19235140 non-zeros
  BCSR: 215666 block-rows x 215666 block-cols, 4387337 blocks (block size 4x4)
  avg time: 0.002632480 s
  std time: 0.000244668 s
  GFLOP/s : 14.613703
  max abs error vs host CSR: 0.000000e+00 (OK)

Files in matrices directory:
Read matrix bone010.mtx: 986703 rows, 986703 cols, 71666325 non-zeros
  CSR-Adaptive: 73415 CUDA blocks (target 1024 nnz/block)
Average time for bone010.mtx: 0.002489430 s
GFLOP/s for bone010.mtx: 57.576493
Standard deviation of time for bone010.mtx: 0.000301851 s

Read matrix webbase-1M.mtx: 1000005 rows, 1000005 cols, 3105536 non-zeros
  CSR-Adaptive: 2992 CUDA blocks (target 1024 nnz/block)
Average time for webbase-1M.mtx: 0.000109280 s
GFLOP/s for webbase-1M.mtx: 56.836310
Standard deviation of time for webbase-1M.mtx: 0.000000665 s

Read matrix ASIC_680ks.mtx: 682712 rows, 682712 cols, 2329176 non-zeros
  CSR-Adaptive: 2284 CUDA blocks (target 1024 nnz/block)
Average time for ASIC_680ks.mtx: 0.000084190 s
GFLOP/s for ASIC_680ks.mtx: 55.331417
Standard deviation of time for ASIC_680ks.mtx: 0.000000595 s

Read matrix ldoor.mtx: 952203 rows, 952203 cols, 46522475 non-zeros
  CSR-Adaptive: 46461 CUDA blocks (target 1024 nnz/block)
Average time for ldoor.mtx: 0.001575400 s
GFLOP/s for ldoor.mtx: 59.061159
Standard deviation of time for ldoor.mtx: 0.000171286 s

Read matrix rajat31.mtx: 4690002 rows, 4690002 cols, 20316253 non-zeros
  CSR-Adaptive: 19892 CUDA blocks (target 1024 nnz/block)
Average time for rajat31.mtx: 0.000793150 s
GFLOP/s for rajat31.mtx: 51.229283
Standard deviation of time for rajat31.mtx: 0.000001090 s

Read matrix Rucci1.mtx: 1977885 rows, 109900 cols, 7791168 non-zeros
  CSR-Adaptive: 7609 CUDA blocks (target 1024 nnz/block)
Average time for Rucci1.mtx: 0.000290410 s
GFLOP/s for Rucci1.mtx: 53.656334
Standard deviation of time for Rucci1.mtx: 0.000000680 s

Read matrix Ga41As41H72.mtx: 268096 rows, 268096 cols, 18488476 non-zeros
  CSR-Adaptive: 20366 CUDA blocks (target 1024 nnz/block)
Average time for Ga41As41H72.mtx: 0.000997180 s
GFLOP/s for Ga41As41H72.mtx: 37.081522
Standard deviation of time for Ga41As41H72.mtx: 0.000001033 s

Read matrix FullChip.mtx: 2987012 rows, 2987012 cols, 26621990 non-zeros
  CSR-Adaptive: 21698 CUDA blocks (target 1024 nnz/block)
Average time for FullChip.mtx: 0.002456800 s
GFLOP/s for FullChip.mtx: 21.672086
Standard deviation of time for FullChip.mtx: 0.000310489 s

Read matrix Si41Ge41H72.mtx: 185639 rows, 185639 cols, 15011265 non-zeros
  CSR-Adaptive: 16817 CUDA blocks (target 1024 nnz/block)
Average time for Si41Ge41H72.mtx: 0.000844100 s
GFLOP/s for Si41Ge41H72.mtx: 35.567504
Standard deviation of time for Si41Ge41H72.mtx: 0.000000911 s

Read matrix boyd2.mtx: 466316 rows, 466316 cols, 1500397 non-zeros
  CSR-Adaptive: 1247 CUDA blocks (target 1024 nnz/block)
Average time for boyd2.mtx: 0.000122680 s
GFLOP/s for boyd2.mtx: 24.460336
Standard deviation of time for boyd2.mtx: 0.000002782 s

Read matrix eu-2005.mtx: 862664 rows, 862664 cols, 19235140 non-zeros
  CSR-Adaptive: 19328 CUDA blocks (target 1024 nnz/block)
Average time for eu-2005.mtx: 0.000789470 s
GFLOP/s for eu-2005.mtx: 48.729249
Standard deviation of time for eu-2005.mtx: 0.000001024 s

Files in matrices directory:
Read matrix bone010.mtx: 986703 rows, 986703 cols, 71666325 non-zeros
Average time for bone010.mtx: 0.000962170 s
GFLOP/s for bone010.mtx: 148.968114
Standard deviation of time for bone010.mtx: 0.000002713 s

Read matrix webbase-1M.mtx: 1000005 rows, 1000005 cols, 3105536 non-zeros
Average time for webbase-1M.mtx: 0.000059200 s
GFLOP/s for webbase-1M.mtx: 104.916757
Standard deviation of time for webbase-1M.mtx: 0.000000678 s

Read matrix ASIC_680ks.mtx: 682712 rows, 682712 cols, 2329176 non-zeros
Average time for ASIC_680ks.mtx: 0.000049880 s
GFLOP/s for ASIC_680ks.mtx: 93.391179
Standard deviation of time for ASIC_680ks.mtx: 0.000000983 s

Read matrix ldoor.mtx: 952203 rows, 952203 cols, 46522475 non-zeros
Average time for ldoor.mtx: 0.000645630 s
GFLOP/s for ldoor.mtx: 144.114973
Standard deviation of time for ldoor.mtx: 0.000001809 s

Read matrix rajat31.mtx: 4690002 rows, 4690002 cols, 20316253 non-zeros
Average time for rajat31.mtx: 0.000410870 s
GFLOP/s for rajat31.mtx: 98.893825
Standard deviation of time for rajat31.mtx: 0.000002745 s

Read matrix Rucci1.mtx: 1977885 rows, 109900 cols, 7791168 non-zeros
Average time for Rucci1.mtx: 0.000165590 s
GFLOP/s for Rucci1.mtx: 94.101914
Standard deviation of time for Rucci1.mtx: 0.000000680 s

Read matrix Ga41As41H72.mtx: 268096 rows, 268096 cols, 18488476 non-zeros
Average time for Ga41As41H72.mtx: 0.000273230 s
GFLOP/s for Ga41As41H72.mtx: 135.332694
Standard deviation of time for Ga41As41H72.mtx: 0.000001224 s

Read matrix FullChip.mtx: 2987012 rows, 2987012 cols, 26621990 non-zeros
Average time for FullChip.mtx: 0.000466090 s
GFLOP/s for FullChip.mtx: 114.235405
Standard deviation of time for FullChip.mtx: 0.000001491 s

Read matrix Si41Ge41H72.mtx: 185639 rows, 185639 cols, 15011265 non-zeros
Average time for Si41Ge41H72.mtx: 0.000224910 s
GFLOP/s for Si41Ge41H72.mtx: 133.486861
Standard deviation of time for Si41Ge41H72.mtx: 0.000001408 s

Read matrix boyd2.mtx: 466316 rows, 466316 cols, 1500397 non-zeros
Average time for boyd2.mtx: 0.000046650 s
GFLOP/s for boyd2.mtx: 64.325702
Standard deviation of time for boyd2.mtx: 0.000000973 s

Read matrix eu-2005.mtx: 862664 rows, 862664 cols, 19235140 non-zeros
Average time for eu-2005.mtx: 0.000291840 s
GFLOP/s for eu-2005.mtx: 131.819764
Standard deviation of time for eu-2005.mtx: 0.000001239 s

Files in matrices directory:
Read matrix bone010.mtx: 986703 rows, 986703 cols, 71666325 non-zeros
row_ptr alignment: 0
col_idx alignment: 0
values  alignment: 0
Running vectorized kernel for bone010.mtx...
Average time for bone010.mtx: 0.001364860 s
GFLOP/s for bone010.mtx: 105.016375
Standard deviation of time for bone010.mtx: 0.000001400 s

Read matrix webbase-1M.mtx: 1000005 rows, 1000005 cols, 3105536 non-zeros
row_ptr alignment: 0
col_idx alignment: 0
values  alignment: 0
Running vectorized kernel for webbase-1M.mtx...
Average time for webbase-1M.mtx: 0.000537790 s
GFLOP/s for webbase-1M.mtx: 11.549252
Standard deviation of time for webbase-1M.mtx: 0.000001089 s

Read matrix ASIC_680ks.mtx: 682712 rows, 682712 cols, 2329176 non-zeros
row_ptr alignment: 0
col_idx alignment: 0
values  alignment: 0
Running vectorized kernel for ASIC_680ks.mtx...
Average time for ASIC_680ks.mtx: 0.000371670 s
GFLOP/s for ASIC_680ks.mtx: 12.533570
Standard deviation of time for ASIC_680ks.mtx: 0.000000917 s

Read matrix ldoor.mtx: 952203 rows, 952203 cols, 46522475 non-zeros
row_ptr alignment: 0
col_idx alignment: 0
values  alignment: 0
Running vectorized kernel for ldoor.mtx...
Average time for ldoor.mtx: 0.001022450 s
GFLOP/s for ldoor.mtx: 91.001956
Standard deviation of time for ldoor.mtx: 0.000001486 s

Read matrix rajat31.mtx: 4690002 rows, 4690002 cols, 20316253 non-zeros
row_ptr alignment: 0
col_idx alignment: 0
values  alignment: 0
Running vectorized kernel for rajat31.mtx...
Average time for rajat31.mtx: 0.003141370 s
GFLOP/s for rajat31.mtx: 12.934645
Standard deviation of time for rajat31.mtx: 0.000412849 s

Read matrix Rucci1.mtx: 1977885 rows, 109900 cols, 7791168 non-zeros
row_ptr alignment: 0
col_idx alignment: 0
values  alignment: 0
Running vectorized kernel for Rucci1.mtx...
Average time for Rucci1.mtx: 0.001377240 s
GFLOP/s for Rucci1.mtx: 11.314176
Standard deviation of time for Rucci1.mtx: 0.000001372 s

Read matrix Ga41As41H72.mtx: 268096 rows, 268096 cols, 18488476 non-zeros
row_ptr alignment: 0
col_idx alignment: 0
values  alignment: 0
Running vectorized kernel for Ga41As41H72.mtx...
Average time for Ga41As41H72.mtx: 0.000325730 s
GFLOP/s for Ga41As41H72.mtx: 113.520253
Standard deviation of time for Ga41As41H72.mtx: 0.000000926 s

Read matrix FullChip.mtx: 2987012 rows, 2987012 cols, 26621990 non-zeros
row_ptr alignment: 0
col_idx alignment: 0
values  alignment: 0
Running vectorized kernel for FullChip.mtx...
Average time for FullChip.mtx: 0.009864220 s
GFLOP/s for FullChip.mtx: 5.397688
Standard deviation of time for FullChip.mtx: 0.000703205 s

Read matrix Si41Ge41H72.mtx: 185639 rows, 185639 cols, 15011265 non-zeros
row_ptr alignment: 0
col_idx alignment: 0
values  alignment: 0
Running vectorized kernel for Si41Ge41H72.mtx...
Average time for Si41Ge41H72.mtx: 0.000249500 s
GFLOP/s for Si41Ge41H72.mtx: 120.330782
Standard deviation of time for Si41Ge41H72.mtx: 0.000000911 s

Read matrix boyd2.mtx: 466316 rows, 466316 cols, 1500397 non-zeros
row_ptr alignment: 0
col_idx alignment: 0
values  alignment: 0
Running vectorized kernel for boyd2.mtx...
Average time for boyd2.mtx: 0.000599450 s
GFLOP/s for boyd2.mtx: 5.005912
Standard deviation of time for boyd2.mtx: 0.000008403 s

Read matrix eu-2005.mtx: 862664 rows, 862664 cols, 19235140 non-zeros
row_ptr alignment: 0
col_idx alignment: 0
values  alignment: 0
Running vectorized kernel for eu-2005.mtx...
Average time for eu-2005.mtx: 0.000729700 s
GFLOP/s for eu-2005.mtx: 52.720680
Standard deviation of time for eu-2005.mtx: 0.000001145 s

